// Jest Snapshot v1, https://goo.gl/fbAQLP

exports[`Dice renders dice unchanged 1`] = `
<div>
  <div
    class="border-2 rounded-full aspect-square h-8 lg:h-20 flex justify-center items-center cursor-pointer"
  >
    <span
      class="text-xl lg:text-3xl font-bold text-white flex justify-center items-center w-full"
    >
      1
    </span>
  </div>
</div>
`;
